// Jest Snapshot v1, https://goo.gl/fbAQLP

exports[`Header: Header with connected state: Snapshot 1`] = `
<div>
  <style>
    [data-dapp-kit] {--dapp-kit-blurs-modalOverlay:blur(0);--dapp-kit-backgroundColors-primaryButton:#F6F7F9;--dapp-kit-backgroundColors-primaryButtonHover:#F0F2F5;--dapp-kit-backgroundColors-outlineButtonHover:#F4F4F5;--dapp-kit-backgroundColors-modalOverlay:rgba(24 36 53 / 20%);--dapp-kit-backgroundColors-modalPrimary:white;--dapp-kit-backgroundColors-modalSecondary:#F7F8F8;--dapp-kit-backgroundColors-iconButton:transparent;--dapp-kit-backgroundColors-iconButtonHover:#F0F1F2;--dapp-kit-backgroundColors-dropdownMenu:#FFFFFF;--dapp-kit-backgroundColors-dropdownMenuSeparator:#F3F6F8;--dapp-kit-backgroundColors-walletItemSelected:white;--dapp-kit-backgroundColors-walletItemHover:#3C424226;--dapp-kit-borderColors-outlineButton:#E4E4E7;--dapp-kit-colors-primaryButton:#373737;--dapp-kit-colors-outlineButton:#373737;--dapp-kit-colors-iconButton:#000000;--dapp-kit-colors-body:#182435;--dapp-kit-colors-bodyMuted:#767A81;--dapp-kit-colors-bodyDanger:#FF794B;--dapp-kit-radii-small:6px;--dapp-kit-radii-medium:8px;--dapp-kit-radii-large:12px;--dapp-kit-radii-xlarge:16px;--dapp-kit-shadows-primaryButton:0px 4px 12px rgba(0, 0, 0, 0.1);--dapp-kit-shadows-walletItemSelected:0px 2px 6px rgba(0, 0, 0, 0.05);--dapp-kit-fontWeights-normal:400;--dapp-kit-fontWeights-medium:500;--dapp-kit-fontWeights-bold:600;--dapp-kit-fontSizes-small:14px;--dapp-kit-fontSizes-medium:16px;--dapp-kit-fontSizes-large:18px;--dapp-kit-fontSizes-xlarge:20px;--dapp-kit-typography-fontFamily:ui-sans-serif, system-ui, -apple-system, BlinkMacSystemFont, "Segoe UI", Roboto, "Helvetica Neue", Arial, "Noto Sans", sans-serif, "Apple Color Emoji", "Segoe UI Emoji", "Segoe UI Symbol", "Noto Color Emoji";--dapp-kit-typography-fontStyle:normal;--dapp-kit-typography-lineHeight:1.3;--dapp-kit-typography-letterSpacing:1;}
  </style>
  <div
    class="min-h-20 px-8 border-b border-borderPrimary bg-white flex items-center justify-center"
  >
    <div
      class="flex items-center justify-between max-w-screen-2xl mx-auto h-full w-full"
      data-testid="header"
    >
      <a
        href="/"
      >
        <svg />
      </a>
      <button
        class="border border-borderPrimary rounded-[10px] h-10 px-4 flex items-center justify-between gap-2 text-secondary font-medium transition hover:bg-actionPrimary hover:bg-opacity-10 hover:border-actionSecondary"
      >
        0x11...1111
        <svg />
      </button>
      <dialog
        class="backdrop:bg-modalBackdropColor rounded-xl p-6"
      >
        <div
          class="Toastify"
          id="modal-toast"
        />
        <div
          class=""
        >
          <p
            class="text-primary font-semibold text-2xl text-center mt-4"
          >
            Confirm Logout?
          </p>
          <div
            class="flex items-center justify-center gap-4 mt-8"
          >
            <button
              class="bg-white text-primary rounded-xl shadow-button border-borderPrimary border-solid border font-semibold flex items-center justify-center transition hover:border-actionSecondary hover:text-actionPrimary disabled:bg-slate-300 disabled:border-slate-400 disabled:text-white w-56 h-[56px]"
            >
              Cancel
            </button>
            <button
              class="text-white rounded-xl shadow-button border-actionSecondary border-solid border font-semibold flex items-center justify-center bg-buttonBgMain relative overflow-hidden after:content-[''] after:bg-buttonBgAfter after:w-full after:h-full after:absolute hover:bg-buttonBgAfter hover:text-actionPrimary transition disabled:bg-slate-300 disabled:bg-none disabled:border-slate-400 disabled:text-white w-56 h-[56px]"
            >
              Proceed
            </button>
          </div>
        </div>
      </dialog>
    </div>
  </div>
</div>
`;
