// Jest Snapshot v1, https://goo.gl/fbAQLP

exports[`SelectStableCoinForm: SelectStableCoinForm with StableCoin list: Snapshot 1`] = `
<div>
  <style>
    [data-dapp-kit] {--dapp-kit-blurs-modalOverlay:blur(0);--dapp-kit-backgroundColors-primaryButton:#F6F7F9;--dapp-kit-backgroundColors-primaryButtonHover:#F0F2F5;--dapp-kit-backgroundColors-outlineButtonHover:#F4F4F5;--dapp-kit-backgroundColors-modalOverlay:rgba(24 36 53 / 20%);--dapp-kit-backgroundColors-modalPrimary:white;--dapp-kit-backgroundColors-modalSecondary:#F7F8F8;--dapp-kit-backgroundColors-iconButton:transparent;--dapp-kit-backgroundColors-iconButtonHover:#F0F1F2;--dapp-kit-backgroundColors-dropdownMenu:#FFFFFF;--dapp-kit-backgroundColors-dropdownMenuSeparator:#F3F6F8;--dapp-kit-backgroundColors-walletItemSelected:white;--dapp-kit-backgroundColors-walletItemHover:#3C424226;--dapp-kit-borderColors-outlineButton:#E4E4E7;--dapp-kit-colors-primaryButton:#373737;--dapp-kit-colors-outlineButton:#373737;--dapp-kit-colors-iconButton:#000000;--dapp-kit-colors-body:#182435;--dapp-kit-colors-bodyMuted:#767A81;--dapp-kit-colors-bodyDanger:#FF794B;--dapp-kit-radii-small:6px;--dapp-kit-radii-medium:8px;--dapp-kit-radii-large:12px;--dapp-kit-radii-xlarge:16px;--dapp-kit-shadows-primaryButton:0px 4px 12px rgba(0, 0, 0, 0.1);--dapp-kit-shadows-walletItemSelected:0px 2px 6px rgba(0, 0, 0, 0.05);--dapp-kit-fontWeights-normal:400;--dapp-kit-fontWeights-medium:500;--dapp-kit-fontWeights-bold:600;--dapp-kit-fontSizes-small:14px;--dapp-kit-fontSizes-medium:16px;--dapp-kit-fontSizes-large:18px;--dapp-kit-fontSizes-xlarge:20px;--dapp-kit-typography-fontFamily:ui-sans-serif, system-ui, -apple-system, BlinkMacSystemFont, "Segoe UI", Roboto, "Helvetica Neue", Arial, "Noto Sans", sans-serif, "Apple Color Emoji", "Segoe UI Emoji", "Segoe UI Symbol", "Noto Color Emoji";--dapp-kit-typography-fontStyle:normal;--dapp-kit-typography-lineHeight:1.3;--dapp-kit-typography-letterSpacing:1;}
  </style>
  <div
    class="bg-white shadow-stableCoinForm rounded-xl"
  >
    <div
      class="px-6 py-5 flex items-center justify-between border-b border-borderPrimary"
    >
      <span
        class="text-lg font-semibold text-primary"
      >
        Select Stablecoin
      </span>
      <a
        class="rounded-xl"
        href="/create-stablecoin"
      >
        <button
          class="text-white rounded-xl shadow-button border-actionSecondary border-solid border flex items-center justify-center bg-buttonBgMain relative overflow-hidden after:content-[''] after:bg-buttonBgAfter after:w-full after:h-full after:absolute hover:bg-buttonBgAfter hover:text-actionPrimary transition disabled:bg-slate-300 disabled:bg-none disabled:border-slate-400 disabled:text-white text-sm font-semibold h-[37px] w-[153px]"
        >
          + New Stablecoin
        </button>
      </a>
    </div>
    <div
      class="p-6 space-y-6"
    >
      <div
        class="relative"
      >
        <input
          class="text-primary placeholder:text-hitGrey p-3 rounded-xl border border-borderPrimary focus:border-actionPrimary outline-none pl-11 w-full"
          placeholder="Search..."
          type="text"
          value=""
        />
        <svg
          class="absolute top-1/2 left-3 -translate-y-1/2"
        />
      </div>
      <div
        class="bg-borderPrimary h-[1px]"
      />
      <div
        class="space-y-3 max-h-[410px] overflow-auto"
      >
        <button
          class="border rounded-[10px] px-4 py-3 flex items-center justify-between w-full text-left border-borderPrimary"
        >
          <div
            class="flex gap-4 items-center"
          >
            <div
              class="w-8 h-8 rounded-full bg-seashell bg-no-repeat bg-center bg-cover"
              style="background-image: url(undefined);"
            />
            <div>
              <p
                class="font-semibold text-primary"
              >
                PRV
              </p>
              <p
                class="text-sm text-grayText mt-[2px]"
              >
                Pravica Token
              </p>
            </div>
          </div>
          <label
            class="relative transition cursor-pointer"
          >
            <input
              class="
  invisible absolute inset-1/2
  [&+div]:checked:border-actionPrimary [&+div]:checked:bg-actionPrimary
  [&+div>svg]:checked:block
"
              readonly=""
              type="checkbox"
            />
            <div
              class="w-5 h-5 border border-borderPrimary flex items-center justify-center rounded-md transition"
            >
              <svg
                class="hidden duration-1000"
              />
            </div>
          </label>
        </button>
        <button
          class="border rounded-[10px] px-4 py-3 flex items-center justify-between w-full text-left border-borderPrimary"
        >
          <div
            class="flex gap-4 items-center"
          >
            <div
              class="w-8 h-8 rounded-full bg-seashell bg-no-repeat bg-center bg-cover"
              style="background-image: url(undefined);"
            />
            <div>
              <p
                class="font-semibold text-primary"
              >
                SSS
              </p>
              <p
                class="text-sm text-grayText mt-[2px]"
              >
                S3 Money Token
              </p>
            </div>
          </div>
          <label
            class="relative transition cursor-pointer"
          >
            <input
              class="
  invisible absolute inset-1/2
  [&+div]:checked:border-actionPrimary [&+div]:checked:bg-actionPrimary
  [&+div>svg]:checked:block
"
              readonly=""
              type="checkbox"
            />
            <div
              class="w-5 h-5 border border-borderPrimary flex items-center justify-center rounded-md transition"
            >
              <svg
                class="hidden duration-1000"
              />
            </div>
          </label>
        </button>
      </div>
      <button
        class="text-white rounded-xl shadow-button border-actionSecondary border-solid border flex items-center justify-center bg-buttonBgMain relative overflow-hidden after:content-[''] after:bg-buttonBgAfter after:w-full after:h-full after:absolute hover:bg-buttonBgAfter hover:text-actionPrimary transition disabled:bg-slate-300 disabled:bg-none disabled:border-slate-400 disabled:text-white w-full h-[37px] text-sm font-semibold"
        disabled=""
      >
        Manage Stablecoin
      </button>
    </div>
  </div>
</div>
`;
