// Jest Snapshot v1, https://goo.gl/fbAQLP

exports[`Operations/Mint page: Operations/Mint page with connected state: Snapshot 1`] = `
<div>
  <style>
    [data-dapp-kit] {--dapp-kit-blurs-modalOverlay:blur(0);--dapp-kit-backgroundColors-primaryButton:#F6F7F9;--dapp-kit-backgroundColors-primaryButtonHover:#F0F2F5;--dapp-kit-backgroundColors-outlineButtonHover:#F4F4F5;--dapp-kit-backgroundColors-modalOverlay:rgba(24 36 53 / 20%);--dapp-kit-backgroundColors-modalPrimary:white;--dapp-kit-backgroundColors-modalSecondary:#F7F8F8;--dapp-kit-backgroundColors-iconButton:transparent;--dapp-kit-backgroundColors-iconButtonHover:#F0F1F2;--dapp-kit-backgroundColors-dropdownMenu:#FFFFFF;--dapp-kit-backgroundColors-dropdownMenuSeparator:#F3F6F8;--dapp-kit-backgroundColors-walletItemSelected:white;--dapp-kit-backgroundColors-walletItemHover:#3C424226;--dapp-kit-borderColors-outlineButton:#E4E4E7;--dapp-kit-colors-primaryButton:#373737;--dapp-kit-colors-outlineButton:#373737;--dapp-kit-colors-iconButton:#000000;--dapp-kit-colors-body:#182435;--dapp-kit-colors-bodyMuted:#767A81;--dapp-kit-colors-bodyDanger:#FF794B;--dapp-kit-radii-small:6px;--dapp-kit-radii-medium:8px;--dapp-kit-radii-large:12px;--dapp-kit-radii-xlarge:16px;--dapp-kit-shadows-primaryButton:0px 4px 12px rgba(0, 0, 0, 0.1);--dapp-kit-shadows-walletItemSelected:0px 2px 6px rgba(0, 0, 0, 0.05);--dapp-kit-fontWeights-normal:400;--dapp-kit-fontWeights-medium:500;--dapp-kit-fontWeights-bold:600;--dapp-kit-fontSizes-small:14px;--dapp-kit-fontSizes-medium:16px;--dapp-kit-fontSizes-large:18px;--dapp-kit-fontSizes-xlarge:20px;--dapp-kit-typography-fontFamily:ui-sans-serif, system-ui, -apple-system, BlinkMacSystemFont, "Segoe UI", Roboto, "Helvetica Neue", Arial, "Noto Sans", sans-serif, "Apple Color Emoji", "Segoe UI Emoji", "Segoe UI Symbol", "Noto Color Emoji";--dapp-kit-typography-fontStyle:normal;--dapp-kit-typography-lineHeight:1.3;--dapp-kit-typography-letterSpacing:1;}
  </style>
  <div
    class="max-w-screen-2xl mx-auto p-8 flex items-center justify-center h-full"
  >
    <svg
      aria-hidden="true"
      class="svg-inline--fa fa-spinner animate-spin text-actionPrimary h-8"
      data-icon="spinner"
      data-prefix="fas"
      data-testid="loader"
      focusable="false"
      role="img"
      viewBox="0 0 512 512"
      xmlns="http://www.w3.org/2000/svg"
    >
      <path
        d="M304 48a48 48 0 1 0 -96 0 48 48 0 1 0 96 0zm0 416a48 48 0 1 0 -96 0 48 48 0 1 0 96 0zM48 304a48 48 0 1 0 0-96 48 48 0 1 0 0 96zm464-48a48 48 0 1 0 -96 0 48 48 0 1 0 96 0zM142.9 437A48 48 0 1 0 75 369.1 48 48 0 1 0 142.9 437zm0-294.2A48 48 0 1 0 75 75a48 48 0 1 0 67.9 67.9zM369.1 437A48 48 0 1 0 437 369.1 48 48 0 1 0 369.1 437z"
        fill="currentColor"
      />
    </svg>
  </div>
</div>
`;
